/Users/huangyifei/Desktop/svg/src/main/java/org/example/Application.java
/Users/huangyifei/Desktop/svg/src/main/java/org/example/pojo/GatewayLocation.java
/Users/huangyifei/Desktop/svg/src/main/java/org/example/pojo/HttpStatus.java
/Users/huangyifei/Desktop/svg/src/main/java/org/example/controller/GatewayController.java
/Users/huangyifei/Desktop/svg/src/main/java/org/example/pojo/Info.java
/Users/huangyifei/Desktop/svg/src/main/java/org/example/pojo/Result.java
/Users/huangyifei/Desktop/svg/src/main/java/org/example/controller/DeviceController.java
/Users/huangyifei/Desktop/svg/src/main/java/org/example/controller/UserController.java
/Users/huangyifei/Desktop/svg/src/main/java/org/example/pojo/Gateways.java
/Users/huangyifei/Desktop/svg/src/main/java/org/example/mapper/UserMapper.java
/Users/huangyifei/Desktop/svg/src/main/java/org/example/pojo/User.java
/Users/huangyifei/Desktop/svg/src/main/java/org/example/mapper/InfoMapper.java
/Users/huangyifei/Desktop/svg/src/main/java/org/example/mapper/DeviceMapper.java
/Users/huangyifei/Desktop/svg/src/main/java/org/example/pojo/Device.java
