/Users/huangyifei/Desktop/www/java/database/src/main/java/com/example/test/controller/TestController.java
/Users/huangyifei/Desktop/www/java/database/src/main/java/com/example/test/controller/JDBCController.java
/Users/huangyifei/Desktop/www/java/database/src/main/java/com/example/test/api/RequestDataType.java
/Users/huangyifei/Desktop/www/java/database/src/main/java/com/example/test/TestApplication.java
/Users/huangyifei/Desktop/www/java/database/src/main/java/com/example/test/common/HttpStatus.java
/Users/huangyifei/Desktop/www/java/database/src/main/java/com/example/test/api/MongoDBRequestBody.java
/Users/huangyifei/Desktop/www/java/database/src/main/java/com/example/test/service/MongoDBService.java
/Users/huangyifei/Desktop/www/java/database/src/main/java/com/example/test/controller/OneController.java
/Users/huangyifei/Desktop/www/java/database/src/main/java/com/example/test/service/serviceImp/MongoDBServiceImp.java
/Users/huangyifei/Desktop/www/java/database/src/main/java/com/example/test/common/SqlFormatUtil.java
/Users/huangyifei/Desktop/www/java/database/src/main/java/com/example/test/common/Result.java
/Users/huangyifei/Desktop/www/java/database/src/main/java/com/example/test/config/DataSourceConfig.java
/Users/huangyifei/Desktop/www/java/database/src/main/java/com/example/test/api/PostRequestBody.java
/Users/huangyifei/Desktop/www/java/database/src/main/java/com/example/test/api/FindParams.java
/Users/huangyifei/Desktop/www/java/database/src/main/java/com/example/test/model/Device.java
/Users/huangyifei/Desktop/www/java/database/src/main/java/com/example/test/api/UpdateParams.java
/Users/huangyifei/Desktop/www/java/database/src/main/java/com/example/test/model/Factory.java
